// Jest Snapshot v1, https://goo.gl/fbAQLP

exports[`renders the PanelContent component 1`] = `<section />`;
