// Jest Snapshot v1, https://goo.gl/fbAQLP

exports[`Renders basic panel 1`] = `
<div
  class="w-full h-full bg-white rounded-sm"
>
  A basic Panel
</div>
`;
