// Jest Snapshot v1, https://goo.gl/fbAQLP

exports[`renders the button component 1`] = `
<div>
  <button
    class="button primary medium rounded uppercase"
  >
    CLICK ME
  </button>
</div>
`;
