// Jest Snapshot v1, https://goo.gl/fbAQLP

exports[`renders the PanelFooter component 1`] = `
<section
  class="footer"
>
  <div />
</section>
`;
