// Jest Snapshot v1, https://goo.gl/fbAQLP

exports[`components/icon/Icon should render the icon 1`] = `
<svg
  aria-labelledby="title"
>
  <title
    id="title"
  />
</svg>
`;
