// Jest Snapshot v1, https://goo.gl/fbAQLP

exports[`renders the home page section 1`] = `
<section>
  <div>
    <div>
      <header>
        <h1 />
      </header>
    </div>
  </div>
</section>
`;
