// Jest Snapshot v1, https://goo.gl/fbAQLP

exports[`components/footer/DonateButton should render the donate button 1`] = `
<form
  action="https://www.paypal.com/cgi-bin/webscr"
  method="post"
  target="_top"
>
  <input
    type="hidden"
    name="cmd"
    value="_s-xclick"
  />
  <input
    type="hidden"
    name="hosted_button_id"
    value="123abc"
  />
  <input
    type="image"
    src="https://www.paypalobjects.com/en_US/i/btn/btn_donateCC_LG.gif"
    border="0"
    name="submit"
    alt="PayPal - The safer, easier way to pay online!"
  />
  <img
    src="https://www.paypalobjects.com/de_DE/i/scr/pixel.gif"
    alt="Donate!"
  />
</form>
`;
